/root/Project/00_hakyll/tests/Hakyll/Core/Rules/Tests.hs
/root/Project/00_hakyll/tests/Hakyll/Core/Dependencies/Tests.hs
/root/Project/00_hakyll/tests/Hakyll/Core/Runtime/Tests.hs
/root/Project/00_hakyll/tests/Hakyll/Core/Store/Tests.hs
/root/Project/00_hakyll/tests/Hakyll/Core/UnixFilter/Tests.hs
/root/Project/00_hakyll/tests/Hakyll/Core/Provider/Metadata/Tests.hs
/root/Project/00_hakyll/tests/Hakyll/Core/Provider/Tests.hs
/root/Project/00_hakyll/tests/Hakyll/Core/Identifier/Tests.hs
/root/Project/00_hakyll/tests/Hakyll/Core/Util/String/Tests.hs
/root/Project/00_hakyll/tests/Hakyll/Core/Routes/Tests.hs
/root/Project/00_hakyll/tests/Hakyll/Web/Pandoc/FileType/Tests.hs
/root/Project/00_hakyll/tests/Hakyll/Web/Html/RelativizeUrls/Tests.hs
/root/Project/00_hakyll/tests/Hakyll/Web/Html/Tests.hs
/root/Project/00_hakyll/tests/Hakyll/Web/Template/Context/Tests.hs
/root/Project/00_hakyll/tests/Hakyll/Web/Template/Tests.hs
/root/Project/00_hakyll/tests/TestSuite.hs
/root/Project/00_hakyll/tests/TestSuite/Util.hs
/root/Project/00_hakyll/cabal-dev/share/socks-0.5.1/Example.hs
/root/Project/00_hakyll/cabal-dev/share/hakyll-4.2.2.0/example/site.hs
/root/Project/00_hakyll/Setup.hs
/root/Project/00_hakyll/src/Hakyll/Preview/Poll.hs
/root/Project/00_hakyll/src/Hakyll/Preview/Server.hs
/root/Project/00_hakyll/src/Hakyll/Commands.hs
/root/Project/00_hakyll/src/Hakyll/Init.hs
/root/Project/00_hakyll/src/Hakyll/Main.hs
/root/Project/00_hakyll/src/Hakyll/Core/Provider.hs
/root/Project/00_hakyll/src/Hakyll/Core/Rules/Internal.hs
/root/Project/00_hakyll/src/Hakyll/Core/Routes.hs
/root/Project/00_hakyll/src/Hakyll/Core/Logger.hs
/root/Project/00_hakyll/src/Hakyll/Core/Metadata.hs
/root/Project/00_hakyll/src/Hakyll/Core/Writable.hs
/root/Project/00_hakyll/src/Hakyll/Core/Rules.hs
/root/Project/00_hakyll/src/Hakyll/Core/UnixFilter.hs
/root/Project/00_hakyll/src/Hakyll/Core/Compiler/Require.hs
/root/Project/00_hakyll/src/Hakyll/Core/Compiler/Internal.hs
/root/Project/00_hakyll/src/Hakyll/Core/Configuration.hs
/root/Project/00_hakyll/src/Hakyll/Core/Store.hs
/root/Project/00_hakyll/src/Hakyll/Core/Item/SomeItem.hs
/root/Project/00_hakyll/src/Hakyll/Core/File.hs
/root/Project/00_hakyll/src/Hakyll/Core/Item.hs
/root/Project/00_hakyll/src/Hakyll/Core/Provider/Metadata.hs
/root/Project/00_hakyll/src/Hakyll/Core/Provider/Internal.hs
/root/Project/00_hakyll/src/Hakyll/Core/Provider/MetadataCache.hs
/root/Project/00_hakyll/src/Hakyll/Core/Runtime.hs
/root/Project/00_hakyll/src/Hakyll/Core/Compiler.hs
/root/Project/00_hakyll/src/Hakyll/Core/Identifier.hs
/root/Project/00_hakyll/src/Hakyll/Core/Identifier/Pattern.hs
/root/Project/00_hakyll/src/Hakyll/Core/Dependencies.hs
/root/Project/00_hakyll/src/Hakyll/Core/Util/File.hs
/root/Project/00_hakyll/src/Hakyll/Core/Util/String.hs
/root/Project/00_hakyll/src/Hakyll/Web/Pandoc.hs
/root/Project/00_hakyll/src/Hakyll/Web/Pandoc/Biblio.hs
/root/Project/00_hakyll/src/Hakyll/Web/Pandoc/FileType.hs
/root/Project/00_hakyll/src/Hakyll/Web/Tags.hs
/root/Project/00_hakyll/src/Hakyll/Web/Feed.hs
/root/Project/00_hakyll/src/Hakyll/Web/Template.hs
/root/Project/00_hakyll/src/Hakyll/Web/Html/RelativizeUrls.hs
/root/Project/00_hakyll/src/Hakyll/Web/Html.hs
/root/Project/00_hakyll/src/Hakyll/Web/Template/List.hs
/root/Project/00_hakyll/src/Hakyll/Web/Template/Read.hs
/root/Project/00_hakyll/src/Hakyll/Web/Template/Internal.hs
/root/Project/00_hakyll/src/Hakyll/Web/Template/Context.hs
/root/Project/00_hakyll/src/Hakyll/Web/CompressCss.hs
/root/Project/00_hakyll/src/Hakyll/Check.hs
/root/Project/00_hakyll/src/Hakyll.hs
/root/Project/00_hakyll/dist/build/autogen/Paths_hakyll.hs
/root/Project/00_hakyll/data/example/site.hs
/root/Project/00_hakyll/web/site.hs
/root/Project/hakyll_site/site.hs
